// Jest Snapshot v1, https://goo.gl/fbAQLP

exports[`renders correctly 1`] = `
<div
  className="search-bar"
>
  <div
    className="search-bar__container"
  >
    <form
      className="search-bar__form"
    >
      <div
        className="search-bar__input-container"
      >
        <input
          aria-label="Search input"
          autoComplete="off"
          className="search-bar__input"
          id="searchInput"
          name="searchInput"
          placeholder="Zoeken"
          type="search"
        />
        <button
          className="search-bar__button search-bar__button--search"
          id="searchButton"
          type="submit"
          value="Search"
        >
          <svg
            className="search-bar__icon search-bar__icon--search"
            title="Search"
          >
            search.svg
          </svg>
        </button>
      </div>
    </form>
  </div>
</div>
`;
